[
  {
    "pid": 25830,
    "isolate": "0x4523210",
    "time_since_init": 30789,
    "data": {
      "pause": 3.2,
      "mutator": 43.1,
      "gc": "s",
      "reduce_memory": 0,
      "heap.prologue": 0,
      "heap.epilogue": 0.15,
      "heap.epilogue.reduce_new_space": 0,
      "heap.external.prologue": 0,
      "heap.external.epilogue": 0,
      "heap.external_weak_global_handles": 0.01,
      "fast_promote": 0,
      "scavenge": 2.78,
      "scavenge.process_array_buffers": 0.05,
      "scavenge.roots": 0.08,
      "scavenge.weak": 0,
      "scavenge.weak_global_handles.identify": 0,
      "scavenge.weak_global_handles.process": 0,
      "scavenge.parallel": 1.35,
      "background.scavenge.parallel": 6.59,
      "background.array_buffer_free": 0.01,
      "background.store_buffer": 0.37,
      "background.unmapper": 0,
      "incremental.steps_count": 0,
      "incremental.steps_took": 0,
      "scavenge_throughput": 5800832,
      "total_size_before": 625752008,
      "total_size_after": 612270272,
      "holes_size_before": 69089232,
      "holes_size_after": 68755816,
      "allocated": 15073704,
      "promoted": 1364328,
      "semi_space_copied": 1459824,
      "nodes_died_in_new": 9,
      "nodes_copied_in_new": 3,
      "nodes_promoted": 2,
      "promotion_ratio": 8.3,
      "average_survival_ratio": 15.1,
      "promotion_rate": 98.9,
      "semi_space_copy_rate": 8.8,
      "new_space_allocation_throughput": 388670.3,
      "unmapper_chunks": 0,
      "context_disposal_rate": 0
    },
    "type": "nvp"
  },
  {
    "pid": 25830,
    "isolate": "0x4523210",
    "time_since_init": 33956,
    "data": {
      "pause": 16.6,
      "mutator": 164.4,
      "gc": "ms",
      "reduce_memory": 0,
      "heap.prologue": 0,
      "heap.epilogue": 0,
      "heap.epilogue.reduce_new_space": 0,
      "heap.external.prologue": 0,
      "heap.external.epilogue": 0,
      "heap.external.weak_global_handles": 0,
      "clear": 2,
      "clear.dependent_code": 0,
      "clear.maps": 0.2,
      "clear.slots_buffer": 0,
      "clear.store_buffer": 0,
      "clear.string_table": 1.2,
      "clear.weak_cells": 0.2,
      "clear.weak_collections": 0,
      "clear.weak_lists": 0.3,
      "clear.weak_references": 0.4,
      "epilogue": 0,
      "evacuate": 5.4,
      "evacuate.candidates": 0,
      "evacuate.clean_up": 0,
      "evacuate.copy": 2.6,
      "evacuate.prologue": 0.1,
      "evacuate.epilogue": 0,
      "evacuate.rebalance": 0.1,
      "evacuate.update_pointers": 2.5,
      "evacuate.update_pointers.to_new_roots": 0.1,
      "evacuate.update_pointers.slots.main": 2.2,
      "evacuate.update_pointers.slots.map_space": 0.2,
      "evacuate.update_pointers.weak": 0,
      "finish": 5.9,
      "mark": 1.1,
      "mark.finish_incremental": 0,
      "mark.roots": 0.1,
      "mark.main": 0.8,
      "mark.weak_closure": 0.1,
      "mark.weak_closure.ephemeral": 0.1,
      "mark.weak_closure.weak_handles": 0,
      "mark.weak_closure.weak_roots": 0,
      "mark.weak_closure.harmony": 0,
      "mark.wrapper_prologue": 0,
      "mark.wrapper_epilogue": 0,
      "mark.wrapper_tracing": 0,
      "prologue": 0.1,
      "sweep": 1,
      "sweep.code": 0,
      "sweep.map": 0,
      "sweep.old": 0.5,
      "incremental": 172.2,
      "incremental.finalize": 0.1,
      "incremental.finalize.body": 0.1,
      "incremental.finalize.external.prologue": 0,
      "incremental.finalize.external.epilogue": 0,
      "incremental.sweeping": 0,
      "incremental.wrapper_prologue": 0,
      "incremental.wrapper_tracing": 0,
      "incremental_wrapper_tracing_longest_step": 0,
      "incremental_finalize_longest_step": 0.1,
      "incremental_finalize_steps_count": 1,
      "incremental_longest_step": 6.5,
      "incremental_steps_count": 370,
      "incremental_marking_throughput": 418834,
      "incremental_walltime_duration": 282,
      "background.mark": 1013.2,
      "background.sweep": 156.5,
      "background.evacuate.copy": 12.4,
      "background.evacuate.update_pointers": 8.5,
      "background.array_buffer_free": 0.05,
      "background.store_buffer": 0.04,
      "background.unmapper": 11.2,
      "total_size_before": 704722192,
      "total_size_after": 421646664,
      "holes_size_before": 28930320,
      "holes_size_after": 677512,
      "allocated": 15313888,
      "promoted": 1094832,
      "semi_space_copied": 10685304,
      "nodes_died_in_new": 3,
      "nodes_copied_in_new": 4,
      "nodes_promoted": 1,
      "promotion_ratio": 6.6,
      "average_survival_ratio": 21.5,
      "promotion_rate": 99.6,
      "semi_space_copy_rate": 64.8,
      "new_space_allocation_throughput": 200996,
      "unmapper_chunks": 0,
      "context_disposal_rate": 0,
      "compaction_speed": 1392438
    },
    "type": "nvp"
  }
]
